PASS1:
PASS2:
